################################################
Test Break started Mon May 26 19:12:04 2025
Test Break ended Mon May 26 19:12:04 2025
################################################
